{"logTime": "0126/112643", "correlationVector":"ffJtx77D9GDbjYdMQr8JiD.1","action":"SyncServerConnectionManagerRequest", "result":"SYNC_SERVER_OK", "context":{"environment":"Prod_germanywestcentral_prod-s01-011-eur-germanywestcentral", "migrationStage":"NotStarted", "server":"akswtt00100000b"}}
{"logTime": "0126/112644", "correlationVector":"ffJtx77D9GDbjYdMQr8JiD.2","action":"AAD.Mip.Unpack", "result":"Success", "context":MIP_CLOUD_COMMERCIAL:Success}
{"logTime": "0126/112644", "correlationVector":"ffJtx77D9GDbjYdMQr8JiD.3","action":"EncryptionKeysManager::SetEncryptionKeys:", "result":"Success", "context":Key names[1]:[EbhjBt5HtR/m/6EiF3njUzlgMhTkTelSn219tOdZ1A6gVOLjfUfYPqaGP5ewPASG2wkFIePvQQpAIqmbV8HpMg==]}
{"logTime": "0126/112644", "correlationVector":"ffJtx77D9GDbjYdMQr8JiD.4","action":"AAD.GetKeyResponse", "result":"Success", "context":Keys=1.LastKeyStatus=Active. 2026-01-16 14:59:23 +01.State=None. Tags: Current_encryption_keys_tag = aw1577+9FjoICVRJY0l/77+9cVLvv71z77+90bED77+977+9WBw3LO+/vc6KCA==, Updated_current_encryption_keys_tag = Empty. Emails: ["amelie.dupouy@edu.ece.fr"]}
{"logTime": "0126/112644", "correlationVector":"ffJtx77D9GDbjYdMQr8JiD.5","action":"ProcessGetUpdates", "result":"Done", "context":{"dataType":"Encryption Keys", "deleted":"0", "process_failed_to_decrypt":"0", "process_pending_decryption":"0", "process_success":"1", "total":"1"}}
{"logTime": "0126/112644", "correlationVector":"ffJtx77D9GDbjYdMQr8JiD","action":"Initial GetUpdates", "result":"", "context":Reason: NEW_CLIENT. cV=ffJtx77D9GDbjYdMQr8JiD}
{"logTime": "0126/112644", "correlationVector":"ffJtx77D9GDbjYdMQr8JiD.6","action":"GetUpdates Response", "result":"Success", "context":Received 1 update(s). cV=ffJtx77D9GDbjYdMQr8JiD.0;server=akswtt00100000b;cloudType=Multitenant;environment=Prod_germanywestcentral_prod-s01-011-eur-germanywestcentral;migrationStage=NotStarted}
{"logTime": "0126/112644", "correlationVector":"gvAClqhOG4Qimp/A99Pl6M","action":"Initial GetUpdates", "result":"", "context":Reason: NEW_CLIENT. cV=gvAClqhOG4Qimp/A99Pl6M}
{"logTime": "0126/112644", "correlationVector":"gvAClqhOG4Qimp/A99Pl6M.1","action":"SyncServerConnectionManagerRequest", "result":"SYNC_SERVER_OK", "context":{"environment":"Prod_francecentral_prod-s01-062-eur-francecentral", "migrationStage":"NotStarted", "server":"akswtt11100000n"}}
{"logTime": "0126/112644", "correlationVector":"gvAClqhOG4Qimp/A99Pl6M.2","action":"ProcessGetUpdates", "result":"Done", "context":{"dataType":"Preferences", "deleted":"0", "process_failed_to_decrypt":"0", "process_pending_decryption":"0", "process_success":"23", "total":"23"}}
{"logTime": "0126/112644", "correlationVector":"gvAClqhOG4Qimp/A99Pl6M.3","action":"GetUpdates Response", "result":"Success", "context":Received 23 update(s). cV=gvAClqhOG4Qimp/A99Pl6M.0;server=akswtt11100000n;cloudType=Multitenant;environment=Prod_francecentral_prod-s01-062-eur-francecentral;migrationStage=NotStarted}
{"logTime": "0126/112644", "correlationVector":"HTYqtQ66Q1+hvwXH1ASxeL","action":"Initial GetUpdates", "result":"", "context":Reason: NEW_CLIENT. cV=HTYqtQ66Q1+hvwXH1ASxeL}
{"logTime": "0126/112644", "correlationVector":"HTYqtQ66Q1+hvwXH1ASxeL.1","action":"SyncServerConnectionManagerRequest", "result":"SYNC_SERVER_OK", "context":{"environment":"Prod_francecentral_prod-s01-062-eur-francecentral", "migrationStage":"NotStarted", "server":"akswtt11100000z"}}
{"logTime": "0126/112644", "correlationVector":"HTYqtQ66Q1+hvwXH1ASxeL.2","action":"ProcessGetUpdates", "result":"Done", "context":{"dataType":"Bookmarks", "deleted":"0", "process_failed_to_decrypt":"0", "process_pending_decryption":"0", "process_success":"6", "total":"6"}}
{"logTime": "0126/112644", "correlationVector":"HTYqtQ66Q1+hvwXH1ASxeL.3","action":"GetUpdates Response", "result":"Success", "context":Received 6 update(s). cV=HTYqtQ66Q1+hvwXH1ASxeL.0;server=akswtt11100000z;cloudType=Multitenant;environment=Prod_francecentral_prod-s01-062-eur-francecentral;migrationStage=NotStarted}
{"logTime": "0126/112644", "correlationVector":"kqJMtrvKbRsbBsXzHyWq2O","action":"Initial GetUpdates", "result":"", "context":Reason: NEW_CLIENT. cV=kqJMtrvKbRsbBsXzHyWq2O}
{"logTime": "0126/112644", "correlationVector":"kqJMtrvKbRsbBsXzHyWq2O.1","action":"SyncServerConnectionManagerRequest", "result":"SYNC_SERVER_OK", "context":{"environment":"Prod_francecentral_prod-s01-062-eur-francecentral", "migrationStage":"NotStarted", "server":"akswtt11100000n"}}
{"logTime": "0126/112644", "correlationVector":"kqJMtrvKbRsbBsXzHyWq2O.2","action":"ProcessGetUpdates", "result":"Done", "context":{"dataType":"Autofill", "deleted":"0", "process_failed_to_decrypt":"0", "process_pending_decryption":"0", "process_success":"1", "total":"1"}}
{"logTime": "0126/112644", "correlationVector":"kqJMtrvKbRsbBsXzHyWq2O.3","action":"ProcessGetUpdates", "result":"Done", "context":{"dataType":"Sessions", "deleted":"0", "process_failed_to_decrypt":"0", "process_pending_decryption":"0", "process_success":"9", "total":"9"}}
{"logTime": "0126/112644", "correlationVector":"kqJMtrvKbRsbBsXzHyWq2O.4","action":"ProcessGetUpdates", "result":"Done", "context":{"dataType":"Edge Hub App Usage", "deleted":"0", "process_failed_to_decrypt":"0", "process_pending_decryption":"0", "process_success":"2", "total":"2"}}
{"logTime": "0126/112644", "correlationVector":"kqJMtrvKbRsbBsXzHyWq2O.5","action":"GetUpdates Response", "result":"Success", "context":Received 12 update(s). cV=kqJMtrvKbRsbBsXzHyWq2O.0;server=akswtt11100000n;cloudType=Multitenant;environment=Prod_francecentral_prod-s01-062-eur-francecentral;migrationStage=NotStarted}
{"logTime": "0126/112644", "correlationVector":"T/Qw+C0YzIHynbfezB0UfK","action":"Initial GetUpdates", "result":"", "context":Reason: NEW_CLIENT. cV=T/Qw+C0YzIHynbfezB0UfK}
{"logTime": "0126/112645", "correlationVector":"T/Qw+C0YzIHynbfezB0UfK.1","action":"SyncServerConnectionManagerRequest", "result":"SYNC_SERVER_OK", "context":{"environment":"Prod_francecentral_prod-s01-062-eur-francecentral", "migrationStage":"NotStarted", "server":"akswtt11100000k"}}
{"logTime": "0126/112645", "correlationVector":"T/Qw+C0YzIHynbfezB0UfK.2","action":"ProcessGetUpdates", "result":"Done", "context":{"dataType":"History", "deleted":"0", "process_failed_to_decrypt":"0", "process_pending_decryption":"0", "process_success":"35", "total":"35"}}
{"logTime": "0126/112645", "correlationVector":"T/Qw+C0YzIHynbfezB0UfK.3","action":"GetUpdates Response", "result":"Success", "context":Received 35 update(s). cV=T/Qw+C0YzIHynbfezB0UfK.0;server=akswtt11100000k;cloudType=Multitenant;environment=Prod_francecentral_prod-s01-062-eur-francecentral;migrationStage=NotStarted}
{"logTime": "0126/112645", "correlationVector":"A2CfS8Bltu6mEH8+3NG+QI","action":"Normal GetUpdate request", "result":"", "context":cV=A2CfS8Bltu6mEH8+3NG+QI
Nudged types: Sessions, Device Info, User Consents
Refresh requested types: Bookmarks, Preferences, Passwords, Autofill Profiles, Autofill, Extensions, Sessions, Extension settings, History Delete Directives, Device Info, User Consents, Send Tab To Self, Web Apps, History, Saved Tab Group, WebAuthn Credentials, Collection, Edge E Drop, Edge Hub App Usage, Edge Wallet, Encryption Keys}
{"logTime": "0126/112645", "correlationVector":"A2CfS8Bltu6mEH8+3NG+QI.1","action":"SyncServerConnectionManagerRequest", "result":"SYNC_SERVER_OK", "context":{"environment":"Prod_francecentral_prod-s01-062-eur-francecentral", "migrationStage":"NotStarted", "server":"akswtt11100000r"}}
{"logTime": "0126/112645", "correlationVector":"A2CfS8Bltu6mEH8+3NG+QI.2","action":"GetUpdates Response", "result":"Success", "context":Received 0 update(s). cV=A2CfS8Bltu6mEH8+3NG+QI.0;server=akswtt11100000r;cloudType=Multitenant;environment=Prod_francecentral_prod-s01-062-eur-francecentral;migrationStage=NotStarted}
{"logTime": "0126/112645", "correlationVector":"cfltzNW5YbKy5gJjdylchA","action":"DoCompareDataConsistency requsted types: ", "result":"Bookmarks, Preferences, Passwords, Extensions, Extension settings, History Delete Directives, Send Tab To Self, Web Apps, History, Saved Tab Group, WebAuthn Credentials, Collection, Edge E Drop, Edge Wallet, Encryption Keys"}
{"logTime": "0126/112645", "correlationVector":"cfltzNW5YbKy5gJjdylchA.0","action":"CompareDataConsistency result: ", "result":"Compare result: Encryption Keys is consistent. local entities count is: 1 local entities hash is: to2QcDEddXj/1i2v1hFFE/c6HFc="}
{"logTime": "0126/112645", "correlationVector":"cfltzNW5YbKy5gJjdylchA.1","action":"CompareDataConsistency result: ", "result":"Compare result: Bookmarks is consistent. local entities count is: 0 local entities hash is: "}
{"logTime": "0126/112645", "correlationVector":"cfltzNW5YbKy5gJjdylchA.2","action":"CompareDataConsistency result: ", "result":"Compare result: Preferences is consistent. local entities count is: 23 local entities hash is: +r+1a0RRDOhba81jPr24oiZFypg="}
{"logTime": "0126/112645", "correlationVector":"cfltzNW5YbKy5gJjdylchA.3","action":"CompareDataConsistency result: ", "result":"Compare result: Passwords is consistent. local entities count is: 0 local entities hash is: "}
{"logTime": "0126/112645", "correlationVector":"cfltzNW5YbKy5gJjdylchA.4","action":"CompareDataConsistency result: ", "result":"Compare result: Extensions is consistent. local entities count is: 0 local entities hash is: "}
{"logTime": "0126/112645", "correlationVector":"cfltzNW5YbKy5gJjdylchA.5","action":"CompareDataConsistency result: ", "result":"Compare result: Extension settings is consistent. local entities count is: 0 local entities hash is: "}
{"logTime": "0126/112645", "correlationVector":"cfltzNW5YbKy5gJjdylchA.6","action":"CompareDataConsistency result: ", "result":"Compare result: History Delete Directives is consistent. local entities count is: 0 local entities hash is: "}
{"logTime": "0126/112645", "correlationVector":"cfltzNW5YbKy5gJjdylchA.7","action":"CompareDataConsistency result: ", "result":"Server did not send this Send Tab To Self local entities count is: 0 local entities hash is: "}
{"logTime": "0126/112645", "correlationVector":"cfltzNW5YbKy5gJjdylchA.8","action":"CompareDataConsistency result: ", "result":"Compare result: Web Apps is consistent. local entities count is: 0 local entities hash is: "}
{"logTime": "0126/112645", "correlationVector":"cfltzNW5YbKy5gJjdylchA.9","action":"CompareDataConsistency result: ", "result":"Server did not send this History local entities count is: 0 local entities hash is: "}
{"logTime": "0126/112645", "correlationVector":"cfltzNW5YbKy5gJjdylchA.10","action":"CompareDataConsistency result: ", "result":"Compare result: Saved Tab Group is consistent. local entities count is: 0 local entities hash is: "}
{"logTime": "0126/112645", "correlationVector":"cfltzNW5YbKy5gJjdylchA.11","action":"CompareDataConsistency result: ", "result":"Server did not send this WebAuthn Credentials local entities count is: 0 local entities hash is: "}
{"logTime": "0126/112645", "correlationVector":"cfltzNW5YbKy5gJjdylchA.12","action":"CompareDataConsistency result: ", "result":"Compare result: Collection is consistent. local entities count is: 0 local entities hash is: "}
{"logTime": "0126/112645", "correlationVector":"cfltzNW5YbKy5gJjdylchA.13","action":"CompareDataConsistency result: ", "result":"Compare result: Edge E Drop is consistent. local entities count is: 0 local entities hash is: "}
{"logTime": "0126/112645", "correlationVector":"cfltzNW5YbKy5gJjdylchA.14","action":"CompareDataConsistency result: ", "result":"Compare result: Edge Wallet is consistent. local entities count is: 0 local entities hash is: "}
{"logTime": "0126/112645", "correlationVector":"FuJ/oktvcVsahMgageBp//","action":"Commit Request", "result":"", "context":Item count: 4
Contributing types: Sessions, Device Info, User Consents}
{"logTime": "0126/112645", "correlationVector":"FuJ/oktvcVsahMgageBp//.1","action":"SyncServerConnectionManagerRequest", "result":"SYNC_SERVER_OK", "context":{"environment":"Prod_germanywestcentral_prod-s01-010-eur-germanywestcentral", "migrationStage":"NotStarted", "server":"akswtt10900000j"}}
{"logTime": "0126/112645", "correlationVector":"FuJ/oktvcVsahMgageBp//.2","action":"Commit Response", "result":"Success", "context":Result: Success. cV=FuJ/oktvcVsahMgageBp//.0;server=akswtt10900000j;cloudType=Multitenant;environment=Prod_germanywestcentral_prod-s01-010-eur-germanywestcentral;migrationStage=NotStarted}
{"logTime": "0126/112645", "correlationVector":"","action":"DIAGNOSTIC_REQUEST|v1/diagnosticData/Diagnostic.SendCheckResult()|SUCCESS", "result":""}
{"logTime": "0126/112646", "correlationVector":"XMUfG7901lD6yx3mpM9if3","action":"Normal GetUpdate request", "result":"", "context":cV=XMUfG7901lD6yx3mpM9if3
Notified types: History}
{"logTime": "0126/112646", "correlationVector":"XMUfG7901lD6yx3mpM9if3.1","action":"SyncServerConnectionManagerRequest", "result":"SYNC_SERVER_OK", "context":{"environment":"Prod_germanywestcentral_prod-s01-010-eur-germanywestcentral", "migrationStage":"NotStarted", "server":"akswtt109000007"}}
{"logTime": "0126/112646", "correlationVector":"XMUfG7901lD6yx3mpM9if3.2","action":"ProcessGetUpdates", "result":"Done", "context":{"dataType":"Sessions", "deleted":"0", "process_failed_to_decrypt":"0", "process_pending_decryption":"0", "process_success":"3", "total":"3"}}
{"logTime": "0126/112646", "correlationVector":"XMUfG7901lD6yx3mpM9if3.3","action":"ProcessGetUpdates", "result":"Done", "context":{"dataType":"History", "deleted":"0", "process_failed_to_decrypt":"0", "process_pending_decryption":"0", "process_success":"2", "total":"2"}}
{"logTime": "0126/112646", "correlationVector":"XMUfG7901lD6yx3mpM9if3.4","action":"GetUpdates Response", "result":"Success", "context":Received 5 update(s). cV=XMUfG7901lD6yx3mpM9if3.0;server=akswtt109000007;cloudType=Multitenant;environment=Prod_germanywestcentral_prod-s01-010-eur-germanywestcentral;migrationStage=NotStarted}
{"logTime": "0126/112707", "correlationVector":"VxgdvgFFw3ZMSVwsLovNxR","action":"Commit Request", "result":"", "context":Item count: 3
Contributing types: Sessions, User Consents, History}
{"logTime": "0126/112707", "correlationVector":"VxgdvgFFw3ZMSVwsLovNxR.1","action":"SyncServerConnectionManagerRequest", "result":"SYNC_SERVER_OK", "context":{"environment":"Prod_francecentral_prod-s01-062-eur-francecentral", "migrationStage":"NotStarted", "server":"akswtt11100000z"}}
{"logTime": "0126/112707", "correlationVector":"VxgdvgFFw3ZMSVwsLovNxR.2","action":"Commit Response", "result":"Success", "context":Result: Success. cV=VxgdvgFFw3ZMSVwsLovNxR.0;server=akswtt11100000z;cloudType=Multitenant;environment=Prod_francecentral_prod-s01-062-eur-francecentral;migrationStage=NotStarted}
{"logTime": "0127/142748", "correlationVector":"Q0odZLW0v0/8n1a3JdYKqb.1","action":"SyncServerConnectionManagerRequest", "result":"SYNC_SERVER_OK", "context":{"environment":"Prod_francecentral_prod-s01-062-eur-francecentral", "migrationStage":"NotStarted", "server":"akswtt11100000s"}}
{"logTime": "0127/142748", "correlationVector":"Q0odZLW0v0/8n1a3JdYKqb.2","action":"AAD.Mip.Unpack", "result":"Success", "context":MIP_CLOUD_COMMERCIAL:Success}
{"logTime": "0127/142748", "correlationVector":"Q0odZLW0v0/8n1a3JdYKqb.3","action":"EncryptionKeysManager::SetEncryptionKeys:", "result":"Success", "context":Key names[1]:[EbhjBt5HtR/m/6EiF3njUzlgMhTkTelSn219tOdZ1A6gVOLjfUfYPqaGP5ewPASG2wkFIePvQQpAIqmbV8HpMg==]}
{"logTime": "0127/142748", "correlationVector":"Q0odZLW0v0/8n1a3JdYKqb.4","action":"AAD.GetKeyResponse", "result":"Success", "context":Keys=1.LastKeyStatus=Active. 2026-01-16 14:59:23 +01.State=None. Tags: Current_encryption_keys_tag = aw1577+9FjoICVRJY0l/77+9cVLvv71z77+90bED77+977+9WBw3LO+/vc6KCA==, Updated_current_encryption_keys_tag = Empty. Emails: ["amelie.dupouy@edu.ece.fr"]}
{"logTime": "0127/142748", "correlationVector":"Q0odZLW0v0/8n1a3JdYKqb.5","action":"ProcessGetUpdates", "result":"Done", "context":{"dataType":"Encryption Keys", "deleted":"0", "process_failed_to_decrypt":"0", "process_pending_decryption":"0", "process_success":"1", "total":"1"}}
{"logTime": "0127/142748", "correlationVector":"Q0odZLW0v0/8n1a3JdYKqb","action":"Initial GetUpdates", "result":"", "context":Reason: NEW_CLIENT. cV=Q0odZLW0v0/8n1a3JdYKqb}
{"logTime": "0127/142748", "correlationVector":"Q0odZLW0v0/8n1a3JdYKqb.6","action":"GetUpdates Response", "result":"Success", "context":Received 1 update(s). cV=Q0odZLW0v0/8n1a3JdYKqb.0;server=akswtt11100000s;cloudType=Multitenant;environment=Prod_francecentral_prod-s01-062-eur-francecentral;migrationStage=NotStarted}
{"logTime": "0127/142748", "correlationVector":"t2T6uR9zx8qTivACRP/z/v","action":"Normal GetUpdate request", "result":"", "context":cV=t2T6uR9zx8qTivACRP/z/v
Nudged types: Sessions, Device Info, History
Refresh requested types: Bookmarks, Preferences, Passwords, Autofill Profiles, Autofill, Extensions, Sessions, Extension settings, History Delete Directives, Device Info, User Consents, Send Tab To Self, Web Apps, History, Saved Tab Group, WebAuthn Credentials, Collection, Edge E Drop, Edge Hub App Usage, Edge Wallet, Encryption Keys}
{"logTime": "0127/142749", "correlationVector":"t2T6uR9zx8qTivACRP/z/v.1","action":"SyncServerConnectionManagerRequest", "result":"SYNC_SERVER_OK", "context":{"environment":"Prod_francecentral_prod-s01-062-eur-francecentral", "migrationStage":"NotStarted", "server":"akswtt11100000r"}}
{"logTime": "0127/142749", "correlationVector":"t2T6uR9zx8qTivACRP/z/v.2","action":"ProcessGetUpdates", "result":"Done", "context":{"dataType":"Preferences", "deleted":"0", "process_failed_to_decrypt":"0", "process_pending_decryption":"0", "process_success":"1", "total":"1"}}
{"logTime": "0127/142749", "correlationVector":"t2T6uR9zx8qTivACRP/z/v.3","action":"ProcessGetUpdates", "result":"Done", "context":{"dataType":"Sessions", "deleted":"0", "process_failed_to_decrypt":"0", "process_pending_decryption":"0", "process_success":"2", "total":"2"}}
{"logTime": "0127/142749", "correlationVector":"t2T6uR9zx8qTivACRP/z/v.4","action":"ProcessGetUpdates", "result":"Done", "context":{"dataType":"History", "deleted":"0", "process_failed_to_decrypt":"0", "process_pending_decryption":"0", "process_success":"6", "total":"6"}}
{"logTime": "0127/142749", "correlationVector":"t2T6uR9zx8qTivACRP/z/v.5","action":"GetUpdates Response", "result":"Success", "context":Received 9 update(s). cV=t2T6uR9zx8qTivACRP/z/v.0;server=akswtt11100000r;cloudType=Multitenant;environment=Prod_francecentral_prod-s01-062-eur-francecentral;migrationStage=NotStarted}
{"logTime": "0127/142749", "correlationVector":"OAcz+LimqTvQ+5muoHY6+e","action":"Commit Request", "result":"", "context":Item count: 1
Contributing types: Device Info}
{"logTime": "0127/142749", "correlationVector":"OAcz+LimqTvQ+5muoHY6+e.1","action":"SyncServerConnectionManagerRequest", "result":"SYNC_SERVER_OK", "context":{"environment":"Prod_francecentral_prod-s01-062-eur-francecentral", "migrationStage":"NotStarted", "server":"akswtt11100000o"}}
{"logTime": "0127/142749", "correlationVector":"OAcz+LimqTvQ+5muoHY6+e.2","action":"Commit Response", "result":"Success", "context":Result: Success. cV=OAcz+LimqTvQ+5muoHY6+e.0;server=akswtt11100000o;cloudType=Multitenant;environment=Prod_francecentral_prod-s01-062-eur-francecentral;migrationStage=NotStarted}
{"logTime": "0127/142749", "correlationVector":"F0CRse6rQbKu2uNOt4Axq4","action":"Poll GetUpdate request", "result":"", "context":cV=F0CRse6rQbKu2uNOt4Axq4}
{"logTime": "0127/142749", "correlationVector":"F0CRse6rQbKu2uNOt4Axq4.1","action":"SyncServerConnectionManagerRequest", "result":"SYNC_SERVER_OK", "context":{"environment":"Prod_francecentral_prod-s01-062-eur-francecentral", "migrationStage":"NotStarted", "server":"akswtt11100000y"}}
{"logTime": "0127/142749", "correlationVector":"F0CRse6rQbKu2uNOt4Axq4.2","action":"GetUpdates Response", "result":"Success", "context":Received 0 update(s). cV=F0CRse6rQbKu2uNOt4Axq4.0;server=akswtt11100000y;cloudType=Multitenant;environment=Prod_francecentral_prod-s01-062-eur-francecentral;migrationStage=NotStarted}
{"logTime": "0127/143013", "correlationVector":"SWCoghvzhQZ5iMp8PtLtR7","action":"Commit Request", "result":"", "context":Item count: 6
Contributing types: Sessions, Device Info, History}
{"logTime": "0127/143014", "correlationVector":"SWCoghvzhQZ5iMp8PtLtR7.1","action":"SyncServerConnectionManagerRequest", "result":"SYNC_SERVER_OK", "context":{"environment":"Prod_germanywestcentral_prod-s01-011-eur-germanywestcentral", "migrationStage":"NotStarted", "server":"akswtt001000008"}}
{"logTime": "0127/143014", "correlationVector":"SWCoghvzhQZ5iMp8PtLtR7.2","action":"Commit Response", "result":"Success", "context":Result: Success. cV=SWCoghvzhQZ5iMp8PtLtR7.0;server=akswtt001000008;cloudType=Multitenant;environment=Prod_germanywestcentral_prod-s01-011-eur-germanywestcentral;migrationStage=NotStarted}
{"logTime": "0128/132452", "correlationVector":"utnU+KAyOiGVqdonT5EMGv.1","action":"SyncServerConnectionManagerRequest", "result":"SYNC_SERVER_OK", "context":{"environment":"Prod_francecentral_prod-s01-062-eur-francecentral", "migrationStage":"NotStarted", "server":"akswtt11100000t"}}
{"logTime": "0128/132453", "correlationVector":"utnU+KAyOiGVqdonT5EMGv.2","action":"AAD.Mip.Unpack", "result":"Success", "context":MIP_CLOUD_COMMERCIAL:Success}
{"logTime": "0128/132453", "correlationVector":"utnU+KAyOiGVqdonT5EMGv.3","action":"EncryptionKeysManager::SetEncryptionKeys:", "result":"Success", "context":Key names[1]:[EbhjBt5HtR/m/6EiF3njUzlgMhTkTelSn219tOdZ1A6gVOLjfUfYPqaGP5ewPASG2wkFIePvQQpAIqmbV8HpMg==]}
{"logTime": "0128/132453", "correlationVector":"utnU+KAyOiGVqdonT5EMGv.4","action":"AAD.GetKeyResponse", "result":"Success", "context":Keys=1.LastKeyStatus=Active. 2026-01-16 14:59:23 +01.State=None. Tags: Current_encryption_keys_tag = aw1577+9FjoICVRJY0l/77+9cVLvv71z77+90bED77+977+9WBw3LO+/vc6KCA==, Updated_current_encryption_keys_tag = Empty. Emails: ["amelie.dupouy@edu.ece.fr"]}
{"logTime": "0128/132453", "correlationVector":"utnU+KAyOiGVqdonT5EMGv.5","action":"ProcessGetUpdates", "result":"Done", "context":{"dataType":"Encryption Keys", "deleted":"0", "process_failed_to_decrypt":"0", "process_pending_decryption":"0", "process_success":"1", "total":"1"}}
{"logTime": "0128/132453", "correlationVector":"utnU+KAyOiGVqdonT5EMGv","action":"Initial GetUpdates", "result":"", "context":Reason: NEW_CLIENT. cV=utnU+KAyOiGVqdonT5EMGv}
{"logTime": "0128/132453", "correlationVector":"utnU+KAyOiGVqdonT5EMGv.6","action":"GetUpdates Response", "result":"Success", "context":Received 1 update(s). cV=utnU+KAyOiGVqdonT5EMGv.0;server=akswtt11100000t;cloudType=Multitenant;environment=Prod_francecentral_prod-s01-062-eur-francecentral;migrationStage=NotStarted}
{"logTime": "0128/132453", "correlationVector":"L34LOK/f4A2sWkxlmR5QA2","action":"Initial GetUpdates", "result":"", "context":Reason: NEWLY_SUPPORTED_DATATYPE. cV=L34LOK/f4A2sWkxlmR5QA2}
{"logTime": "0128/132453", "correlationVector":"L34LOK/f4A2sWkxlmR5QA2.1","action":"SyncServerConnectionManagerRequest", "result":"SYNC_SERVER_OK", "context":{"environment":"Prod_francecentral_prod-s01-062-eur-francecentral", "migrationStage":"NotStarted", "server":"akswtt111000008"}}
{"logTime": "0128/132453", "correlationVector":"L34LOK/f4A2sWkxlmR5QA2.2","action":"ProcessGetUpdates", "result":"Done", "context":{"dataType":"Preferences", "deleted":"0", "process_failed_to_decrypt":"0", "process_pending_decryption":"0", "process_success":"23", "total":"23"}}
{"logTime": "0128/132453", "correlationVector":"L34LOK/f4A2sWkxlmR5QA2.3","action":"GetUpdates Response", "result":"Success", "context":Received 23 update(s). cV=L34LOK/f4A2sWkxlmR5QA2.0;server=akswtt111000008;cloudType=Multitenant;environment=Prod_francecentral_prod-s01-062-eur-francecentral;migrationStage=NotStarted}
{"logTime": "0128/132453", "correlationVector":"/BViMRqpfE71r7Euq3xMur","action":"Initial GetUpdates", "result":"", "context":Reason: NEWLY_SUPPORTED_DATATYPE. cV=/BViMRqpfE71r7Euq3xMur}
{"logTime": "0128/132453", "correlationVector":"/BViMRqpfE71r7Euq3xMur.1","action":"SyncServerConnectionManagerRequest", "result":"SYNC_SERVER_OK", "context":{"environment":"Prod_francecentral_prod-s01-062-eur-francecentral", "migrationStage":"NotStarted", "server":"akswtt11100000w"}}
{"logTime": "0128/132453", "correlationVector":"/BViMRqpfE71r7Euq3xMur.2","action":"ProcessGetUpdates", "result":"Done", "context":{"dataType":"Bookmarks", "deleted":"0", "process_failed_to_decrypt":"0", "process_pending_decryption":"0", "process_success":"6", "total":"6"}}
{"logTime": "0128/132453", "correlationVector":"/BViMRqpfE71r7Euq3xMur.3","action":"GetUpdates Response", "result":"Success", "context":Received 6 update(s). cV=/BViMRqpfE71r7Euq3xMur.0;server=akswtt11100000w;cloudType=Multitenant;environment=Prod_francecentral_prod-s01-062-eur-francecentral;migrationStage=NotStarted}
{"logTime": "0128/132453", "correlationVector":"cTzTLO82Q0r8PcYbXmXQQQ","action":"Initial GetUpdates", "result":"", "context":Reason: NEWLY_SUPPORTED_DATATYPE. cV=cTzTLO82Q0r8PcYbXmXQQQ}
{"logTime": "0128/132453", "correlationVector":"cTzTLO82Q0r8PcYbXmXQQQ.1","action":"SyncServerConnectionManagerRequest", "result":"SYNC_SERVER_OK", "context":{"environment":"Prod_francecentral_prod-s01-062-eur-francecentral", "migrationStage":"NotStarted", "server":"akswtt11100001f"}}
{"logTime": "0128/132453", "correlationVector":"cTzTLO82Q0r8PcYbXmXQQQ.2","action":"ProcessGetUpdates", "result":"Done", "context":{"dataType":"Autofill", "deleted":"0", "process_failed_to_decrypt":"0", "process_pending_decryption":"0", "process_success":"1", "total":"1"}}
{"logTime": "0128/132453", "correlationVector":"cTzTLO82Q0r8PcYbXmXQQQ.3","action":"ProcessGetUpdates", "result":"Done", "context":{"dataType":"Sessions", "deleted":"7", "process_failed_to_decrypt":"0", "process_pending_decryption":"0", "process_success":"18", "total":"18"}}
{"logTime": "0128/132453", "correlationVector":"cTzTLO82Q0r8PcYbXmXQQQ.4","action":"ProcessGetUpdates", "result":"Done", "context":{"dataType":"Edge Hub App Usage", "deleted":"0", "process_failed_to_decrypt":"0", "process_pending_decryption":"0", "process_success":"2", "total":"2"}}
{"logTime": "0128/132453", "correlationVector":"cTzTLO82Q0r8PcYbXmXQQQ.5","action":"GetUpdates Response", "result":"Success", "context":Received 21 update(s). cV=cTzTLO82Q0r8PcYbXmXQQQ.0;server=akswtt11100001f;cloudType=Multitenant;environment=Prod_francecentral_prod-s01-062-eur-francecentral;migrationStage=NotStarted}
{"logTime": "0128/132453", "correlationVector":"9bY1kutDnXvJh/ryNvLvh6","action":"Initial GetUpdates", "result":"", "context":Reason: NEWLY_SUPPORTED_DATATYPE. cV=9bY1kutDnXvJh/ryNvLvh6}
{"logTime": "0128/132454", "correlationVector":"9bY1kutDnXvJh/ryNvLvh6.1","action":"SyncServerConnectionManagerRequest", "result":"SYNC_SERVER_OK", "context":{"environment":"Prod_francecentral_prod-s01-062-eur-francecentral", "migrationStage":"NotStarted", "server":"akswtt11100000g"}}
{"logTime": "0128/132454", "correlationVector":"9bY1kutDnXvJh/ryNvLvh6.2","action":"ProcessGetUpdates", "result":"Done", "context":{"dataType":"History", "deleted":"0", "process_failed_to_decrypt":"0", "process_pending_decryption":"0", "process_success":"50", "total":"50"}}
{"logTime": "0128/132454", "correlationVector":"9bY1kutDnXvJh/ryNvLvh6.3","action":"GetUpdates Response", "result":"Success", "context":Received 50 update(s). cV=9bY1kutDnXvJh/ryNvLvh6.0;server=akswtt11100000g;cloudType=Multitenant;environment=Prod_francecentral_prod-s01-062-eur-francecentral;migrationStage=NotStarted}
{"logTime": "0128/132454", "correlationVector":"WltO0fGpfm2IffZHWVcQcJ","action":"Normal GetUpdate request", "result":"", "context":cV=WltO0fGpfm2IffZHWVcQcJ
Nudged types: Sessions, Device Info
Refresh requested types: Bookmarks, Preferences, Passwords, Autofill Profiles, Autofill, Extensions, Sessions, Extension settings, History Delete Directives, Device Info, User Consents, Send Tab To Self, Web Apps, History, Saved Tab Group, WebAuthn Credentials, Collection, Edge E Drop, Edge Hub App Usage, Edge Wallet, Encryption Keys}
{"logTime": "0128/132454", "correlationVector":"WltO0fGpfm2IffZHWVcQcJ.1","action":"SyncServerConnectionManagerRequest", "result":"SYNC_SERVER_OK", "context":{"environment":"Prod_francecentral_prod-s01-062-eur-francecentral", "migrationStage":"NotStarted", "server":"akswtt11100000k"}}
{"logTime": "0128/132454", "correlationVector":"WltO0fGpfm2IffZHWVcQcJ.2","action":"GetUpdates Response", "result":"Success", "context":Received 0 update(s). cV=WltO0fGpfm2IffZHWVcQcJ.0;server=akswtt11100000k;cloudType=Multitenant;environment=Prod_francecentral_prod-s01-062-eur-francecentral;migrationStage=NotStarted}
{"logTime": "0128/132454", "correlationVector":"Nnh7XM1MKFQIfhX4ROcTpv","action":"Commit Request", "result":"", "context":Item count: 3
Contributing types: Sessions, Device Info}
{"logTime": "0128/132454", "correlationVector":"Nnh7XM1MKFQIfhX4ROcTpv.1","action":"SyncServerConnectionManagerRequest", "result":"SYNC_SERVER_OK", "context":{"environment":"Prod_francecentral_prod-s01-062-eur-francecentral", "migrationStage":"NotStarted", "server":"akswtt11100000i"}}
{"logTime": "0128/132454", "correlationVector":"Nnh7XM1MKFQIfhX4ROcTpv.2","action":"Commit Response", "result":"Success", "context":Result: Success. cV=Nnh7XM1MKFQIfhX4ROcTpv.0;server=akswtt11100000i;cloudType=Multitenant;environment=Prod_francecentral_prod-s01-062-eur-francecentral;migrationStage=NotStarted}
{"logTime": "0128/132454", "correlationVector":"Nnh7XM1MKFQIfhX4ROcTpv.3","action":"Commit.Device Info", "result":"Conflict", "context":{"id":"", "isDeleted":"false", "size":"669", "version":"-1"}}
{"logTime": "0128/132455", "correlationVector":"Rbs9WdblWAECoNn7bVy6Cu","action":"Normal GetUpdate request", "result":"", "context":cV=Rbs9WdblWAECoNn7bVy6Cu
Nudged types: Sessions, Device Info
Refresh requested types: Bookmarks, Preferences, Passwords, Autofill Profiles, Autofill, Extensions, Sessions, Extension settings, History Delete Directives, Device Info, User Consents, Send Tab To Self, Web Apps, History, Saved Tab Group, WebAuthn Credentials, Collection, Edge E Drop, Edge Hub App Usage, Edge Wallet, Encryption Keys}
{"logTime": "0128/132455", "correlationVector":"Rbs9WdblWAECoNn7bVy6Cu.1","action":"SyncServerConnectionManagerRequest", "result":"SYNC_SERVER_OK", "context":{"environment":"Prod_francecentral_prod-s01-062-eur-francecentral", "migrationStage":"NotStarted", "server":"akswtt111000000"}}
{"logTime": "0128/132455", "correlationVector":"Rbs9WdblWAECoNn7bVy6Cu.2","action":"ProcessGetUpdates", "result":"Done", "context":{"dataType":"Sessions", "deleted":"0", "process_failed_to_decrypt":"0", "process_pending_decryption":"0", "process_success":"2", "total":"2"}}
{"logTime": "0128/132455", "correlationVector":"Rbs9WdblWAECoNn7bVy6Cu.3","action":"GetUpdates Response", "result":"Success", "context":Received 2 update(s). cV=Rbs9WdblWAECoNn7bVy6Cu.0;server=akswtt111000000;cloudType=Multitenant;environment=Prod_francecentral_prod-s01-062-eur-francecentral;migrationStage=NotStarted}
{"logTime": "0128/132455", "correlationVector":"KPa1mQov3S/McLRgUY3D/K","action":"Commit Request", "result":"", "context":Item count: 1
Contributing types: Device Info}
{"logTime": "0128/132455", "correlationVector":"KPa1mQov3S/McLRgUY3D/K.1","action":"SyncServerConnectionManagerRequest", "result":"SYNC_SERVER_OK", "context":{"environment":"Prod_francecentral_prod-s01-062-eur-francecentral", "migrationStage":"NotStarted", "server":"akswtt11100000t"}}
{"logTime": "0128/132455", "correlationVector":"KPa1mQov3S/McLRgUY3D/K.3","action":"Commit.Device Info", "result":"Conflict", "context":{"id":"", "isDeleted":"false", "size":"669", "version":"-1"}}
{"logTime": "0128/132455", "correlationVector":"KPa1mQov3S/McLRgUY3D/K.2","action":"Commit Response", "result":"Success", "context":Result: Success. cV=KPa1mQov3S/McLRgUY3D/K.0;server=akswtt11100000t;cloudType=Multitenant;environment=Prod_francecentral_prod-s01-062-eur-francecentral;migrationStage=NotStarted}
{"logTime": "0128/132457", "correlationVector":"UQzLB5rjwR9Nh2CFPPUgoG","action":"Normal GetUpdate request", "result":"", "context":cV=UQzLB5rjwR9Nh2CFPPUgoG
Nudged types: Sessions, Device Info
Refresh requested types: Bookmarks, Preferences, Passwords, Autofill Profiles, Autofill, Extensions, Sessions, Extension settings, History Delete Directives, Device Info, User Consents, Send Tab To Self, Web Apps, History, Saved Tab Group, WebAuthn Credentials, Collection, Edge E Drop, Edge Hub App Usage, Edge Wallet, Encryption Keys}
{"logTime": "0128/132457", "correlationVector":"UQzLB5rjwR9Nh2CFPPUgoG.1","action":"SyncServerConnectionManagerRequest", "result":"SYNC_SERVER_OK", "context":{"environment":"Prod_francecentral_prod-s01-062-eur-francecentral", "migrationStage":"NotStarted", "server":"akswtt11100001i"}}
{"logTime": "0128/132457", "correlationVector":"UQzLB5rjwR9Nh2CFPPUgoG.2","action":"GetUpdates Response", "result":"Success", "context":Received 0 update(s). cV=UQzLB5rjwR9Nh2CFPPUgoG.0;server=akswtt11100001i;cloudType=Multitenant;environment=Prod_francecentral_prod-s01-062-eur-francecentral;migrationStage=NotStarted}
{"logTime": "0128/132457", "correlationVector":"GsyLFLJQbqySyPqhlj626b","action":"Poll GetUpdate request", "result":"", "context":cV=GsyLFLJQbqySyPqhlj626b}
{"logTime": "0128/132457", "correlationVector":"GsyLFLJQbqySyPqhlj626b.1","action":"SyncServerConnectionManagerRequest", "result":"SYNC_SERVER_OK", "context":{"environment":"Prod_francecentral_prod-s01-062-eur-francecentral", "migrationStage":"NotStarted", "server":"akswtt111000008"}}
{"logTime": "0128/132457", "correlationVector":"GsyLFLJQbqySyPqhlj626b.2","action":"GetUpdates Response", "result":"Success", "context":Received 0 update(s). cV=GsyLFLJQbqySyPqhlj626b.0;server=akswtt111000008;cloudType=Multitenant;environment=Prod_francecentral_prod-s01-062-eur-francecentral;migrationStage=NotStarted}
{"logTime": "0128/132611", "correlationVector":"hnV8jX8KNAYDhCG5EHU1bQ","action":"Commit Request", "result":"", "context":Item count: 2
Contributing types: Sessions, History}
{"logTime": "0128/132611", "correlationVector":"hnV8jX8KNAYDhCG5EHU1bQ.1","action":"SyncServerConnectionManagerRequest", "result":"SYNC_SERVER_OK", "context":{"environment":"Prod_francecentral_prod-s01-062-eur-francecentral", "migrationStage":"NotStarted", "server":"akswtt11100000d"}}
{"logTime": "0128/132611", "correlationVector":"hnV8jX8KNAYDhCG5EHU1bQ.2","action":"Commit Response", "result":"Success", "context":Result: Success. cV=hnV8jX8KNAYDhCG5EHU1bQ.0;server=akswtt11100000d;cloudType=Multitenant;environment=Prod_francecentral_prod-s01-062-eur-francecentral;migrationStage=NotStarted}
{"logTime": "0128/132611", "correlationVector":"VKe5tPLWRTlmwFdllHKymJ","action":"Normal GetUpdate request", "result":"", "context":cV=VKe5tPLWRTlmwFdllHKymJ
Nudged types: Device Info
Refresh requested types: Device Info}
{"logTime": "0128/132611", "correlationVector":"VKe5tPLWRTlmwFdllHKymJ.1","action":"SyncServerConnectionManagerRequest", "result":"SYNC_SERVER_OK", "context":{"environment":"Prod_francecentral_prod-s01-062-eur-francecentral", "migrationStage":"NotStarted", "server":"akswtt111000000"}}
{"logTime": "0128/132611", "correlationVector":"VKe5tPLWRTlmwFdllHKymJ.2","action":"ProcessGetUpdates", "result":"Done", "context":{"dataType":"Sessions", "deleted":"0", "process_failed_to_decrypt":"0", "process_pending_decryption":"0", "process_success":"1", "total":"1"}}
{"logTime": "0128/132611", "correlationVector":"VKe5tPLWRTlmwFdllHKymJ.3","action":"ProcessGetUpdates", "result":"Done", "context":{"dataType":"History", "deleted":"0", "process_failed_to_decrypt":"0", "process_pending_decryption":"0", "process_success":"1", "total":"1"}}
{"logTime": "0128/132611", "correlationVector":"VKe5tPLWRTlmwFdllHKymJ.4","action":"GetUpdates Response", "result":"Success", "context":Received 2 update(s). cV=VKe5tPLWRTlmwFdllHKymJ.0;server=akswtt111000000;cloudType=Multitenant;environment=Prod_francecentral_prod-s01-062-eur-francecentral;migrationStage=NotStarted}
{"logTime": "0128/132611", "correlationVector":"N0C44LtAn1COmqSUyE5uSb","action":"Commit Request", "result":"", "context":Item count: 1
Contributing types: Device Info}
{"logTime": "0128/132612", "correlationVector":"N0C44LtAn1COmqSUyE5uSb.1","action":"SyncServerConnectionManagerRequest", "result":"SYNC_SERVER_OK", "context":{"environment":"Prod_francecentral_prod-s01-062-eur-francecentral", "migrationStage":"NotStarted", "server":"akswtt11100000n"}}
{"logTime": "0128/132612", "correlationVector":"N0C44LtAn1COmqSUyE5uSb.2","action":"Commit Response", "result":"Success", "context":Result: Success. cV=N0C44LtAn1COmqSUyE5uSb.0;server=akswtt11100000n;cloudType=Multitenant;environment=Prod_francecentral_prod-s01-062-eur-francecentral;migrationStage=NotStarted}
{"logTime": "0128/132612", "correlationVector":"N0C44LtAn1COmqSUyE5uSb.3","action":"Commit.Device Info", "result":"Conflict", "context":{"id":"", "isDeleted":"false", "size":"669", "version":"-1"}}
{"logTime": "0128/133830", "correlationVector":"7AHCzvg9McZIELcl02EJbx","action":"Commit Request", "result":"", "context":Item count: 1
Contributing types: Sessions}
{"logTime": "0128/133830", "correlationVector":"7AHCzvg9McZIELcl02EJbx.1","action":"SyncServerConnectionManagerRequest", "result":"SYNC_SERVER_OK", "context":{"environment":"Prod_francecentral_prod-s01-062-eur-francecentral", "migrationStage":"NotStarted", "server":"akswtt11100000d"}}
{"logTime": "0128/133830", "correlationVector":"7AHCzvg9McZIELcl02EJbx.2","action":"Commit Response", "result":"Success", "context":Result: Success. cV=7AHCzvg9McZIELcl02EJbx.0;server=akswtt11100000d;cloudType=Multitenant;environment=Prod_francecentral_prod-s01-062-eur-francecentral;migrationStage=NotStarted}
{"logTime": "0128/133830", "correlationVector":"aRCWjLY4UZZdTpRT4jTdj4","action":"Normal GetUpdate request", "result":"", "context":cV=aRCWjLY4UZZdTpRT4jTdj4
Nudged types: Device Info
Refresh requested types: Device Info}
{"logTime": "0128/133830", "correlationVector":"aRCWjLY4UZZdTpRT4jTdj4.1","action":"SyncServerConnectionManagerRequest", "result":"SYNC_SERVER_OK", "context":{"environment":"Prod_francecentral_prod-s01-062-eur-francecentral", "migrationStage":"NotStarted", "server":"akswtt111000001"}}
{"logTime": "0128/133830", "correlationVector":"aRCWjLY4UZZdTpRT4jTdj4.2","action":"ProcessGetUpdates", "result":"Done", "context":{"dataType":"Sessions", "deleted":"0", "process_failed_to_decrypt":"0", "process_pending_decryption":"0", "process_success":"1", "total":"1"}}
{"logTime": "0128/133830", "correlationVector":"aRCWjLY4UZZdTpRT4jTdj4.3","action":"GetUpdates Response", "result":"Success", "context":Received 1 update(s). cV=aRCWjLY4UZZdTpRT4jTdj4.0;server=akswtt111000001;cloudType=Multitenant;environment=Prod_francecentral_prod-s01-062-eur-francecentral;migrationStage=NotStarted}
{"logTime": "0128/133830", "correlationVector":"yG6ScW9sflCVuAF/DfeM/r","action":"Commit Request", "result":"", "context":Item count: 1
Contributing types: Device Info}
{"logTime": "0128/133830", "correlationVector":"yG6ScW9sflCVuAF/DfeM/r.1","action":"SyncServerConnectionManagerRequest", "result":"SYNC_SERVER_OK", "context":{"environment":"Prod_francecentral_prod-s01-062-eur-francecentral", "migrationStage":"NotStarted", "server":"akswtt11100000j"}}
{"logTime": "0128/133830", "correlationVector":"yG6ScW9sflCVuAF/DfeM/r.3","action":"Commit.Device Info", "result":"Conflict", "context":{"id":"", "isDeleted":"false", "size":"669", "version":"-1"}}
{"logTime": "0128/133830", "correlationVector":"yG6ScW9sflCVuAF/DfeM/r.2","action":"Commit Response", "result":"Success", "context":Result: Success. cV=yG6ScW9sflCVuAF/DfeM/r.0;server=akswtt11100000j;cloudType=Multitenant;environment=Prod_francecentral_prod-s01-062-eur-francecentral;migrationStage=NotStarted}
{"logTime": "0128/135031", "correlationVector":"hxW6KugSZgAHVFcat7q0C1","action":"Commit Request", "result":"", "context":Item count: 1
Contributing types: Sessions}
{"logTime": "0128/135032", "correlationVector":"hxW6KugSZgAHVFcat7q0C1.1","action":"SyncServerConnectionManagerRequest", "result":"SYNC_SERVER_OK", "context":{"environment":"Prod_francecentral_prod-s01-062-eur-francecentral", "migrationStage":"NotStarted", "server":"akswtt111000013"}}
{"logTime": "0128/135032", "correlationVector":"hxW6KugSZgAHVFcat7q0C1.2","action":"Commit Response", "result":"Success", "context":Result: Success. cV=hxW6KugSZgAHVFcat7q0C1.0;server=akswtt111000013;cloudType=Multitenant;environment=Prod_francecentral_prod-s01-062-eur-francecentral;migrationStage=NotStarted}
{"logTime": "0128/135032", "correlationVector":"0PBnOA34Z5uKODYcbcKW0T","action":"Normal GetUpdate request", "result":"", "context":cV=0PBnOA34Z5uKODYcbcKW0T
Nudged types: Device Info
Refresh requested types: Device Info}
{"logTime": "0128/135032", "correlationVector":"0PBnOA34Z5uKODYcbcKW0T.1","action":"SyncServerConnectionManagerRequest", "result":"SYNC_SERVER_OK", "context":{"environment":"Prod_francecentral_prod-s01-062-eur-francecentral", "migrationStage":"NotStarted", "server":"akswtt11100000i"}}
{"logTime": "0128/135032", "correlationVector":"0PBnOA34Z5uKODYcbcKW0T.2","action":"ProcessGetUpdates", "result":"Done", "context":{"dataType":"Sessions", "deleted":"0", "process_failed_to_decrypt":"0", "process_pending_decryption":"0", "process_success":"1", "total":"1"}}
{"logTime": "0128/135032", "correlationVector":"0PBnOA34Z5uKODYcbcKW0T.3","action":"GetUpdates Response", "result":"Success", "context":Received 1 update(s). cV=0PBnOA34Z5uKODYcbcKW0T.0;server=akswtt11100000i;cloudType=Multitenant;environment=Prod_francecentral_prod-s01-062-eur-francecentral;migrationStage=NotStarted}
{"logTime": "0128/135032", "correlationVector":"ddPtHKmB+isN1McOU2jiCu","action":"Commit Request", "result":"", "context":Item count: 1
Contributing types: Device Info}
{"logTime": "0128/135032", "correlationVector":"ddPtHKmB+isN1McOU2jiCu.1","action":"SyncServerConnectionManagerRequest", "result":"SYNC_SERVER_OK", "context":{"environment":"Prod_francecentral_prod-s01-062-eur-francecentral", "migrationStage":"NotStarted", "server":"akswtt11100001c"}}
{"logTime": "0128/135032", "correlationVector":"ddPtHKmB+isN1McOU2jiCu.2","action":"Commit Response", "result":"Success", "context":Result: Success. cV=ddPtHKmB+isN1McOU2jiCu.0;server=akswtt11100001c;cloudType=Multitenant;environment=Prod_francecentral_prod-s01-062-eur-francecentral;migrationStage=NotStarted}
{"logTime": "0128/135032", "correlationVector":"ddPtHKmB+isN1McOU2jiCu.3","action":"Commit.Device Info", "result":"Conflict", "context":{"id":"", "isDeleted":"false", "size":"669", "version":"-1"}}
{"logTime": "0128/135033", "correlationVector":"/Oj3FfKhl1IEo7x35jTYpt","action":"Commit Request", "result":"", "context":Item count: 3
Contributing types: Sessions, History}
{"logTime": "0128/135034", "correlationVector":"/Oj3FfKhl1IEo7x35jTYpt.1","action":"SyncServerConnectionManagerRequest", "result":"SYNC_SERVER_OK", "context":{"environment":"Prod_francecentral_prod-s01-062-eur-francecentral", "migrationStage":"NotStarted", "server":"akswtt11100000v"}}
{"logTime": "0128/135034", "correlationVector":"/Oj3FfKhl1IEo7x35jTYpt.2","action":"Commit Response", "result":"Success", "context":Result: Success. cV=/Oj3FfKhl1IEo7x35jTYpt.0;server=akswtt11100000v;cloudType=Multitenant;environment=Prod_francecentral_prod-s01-062-eur-francecentral;migrationStage=NotStarted}
{"logTime": "0128/141004", "correlationVector":"bp33Q6e1VDCYu3jBoQ9awg","action":"Normal GetUpdate request", "result":"", "context":cV=bp33Q6e1VDCYu3jBoQ9awg
Nudged types: Sessions, Device Info, History
Refresh requested types: Device Info}
{"logTime": "0128/141005", "correlationVector":"bp33Q6e1VDCYu3jBoQ9awg.1","action":"SyncServerConnectionManagerRequest", "result":"SYNC_SERVER_OK", "context":{"environment":"Prod_francecentral_prod-s01-062-eur-francecentral", "migrationStage":"NotStarted", "server":"akswtt11100000r"}}
{"logTime": "0128/141005", "correlationVector":"bp33Q6e1VDCYu3jBoQ9awg.2","action":"ProcessGetUpdates", "result":"Done", "context":{"dataType":"Sessions", "deleted":"0", "process_failed_to_decrypt":"0", "process_pending_decryption":"0", "process_success":"1", "total":"1"}}
{"logTime": "0128/141005", "correlationVector":"bp33Q6e1VDCYu3jBoQ9awg.3","action":"ProcessGetUpdates", "result":"Done", "context":{"dataType":"History", "deleted":"0", "process_failed_to_decrypt":"0", "process_pending_decryption":"0", "process_success":"2", "total":"2"}}
{"logTime": "0128/141005", "correlationVector":"bp33Q6e1VDCYu3jBoQ9awg.4","action":"GetUpdates Response", "result":"Success", "context":Received 3 update(s). cV=bp33Q6e1VDCYu3jBoQ9awg.0;server=akswtt11100000r;cloudType=Multitenant;environment=Prod_francecentral_prod-s01-062-eur-francecentral;migrationStage=NotStarted}
{"logTime": "0128/141005", "correlationVector":"p9PsneDPvXGEYGJpOkmUFt","action":"Commit Request", "result":"", "context":Item count: 8
Contributing types: Sessions, Device Info, History}
{"logTime": "0128/141006", "correlationVector":"p9PsneDPvXGEYGJpOkmUFt.1","action":"SyncServerConnectionManagerRequest", "result":"SYNC_SERVER_OK", "context":{"environment":"Prod_francecentral_prod-s01-062-eur-francecentral", "migrationStage":"NotStarted", "server":"akswtt11100001b"}}
{"logTime": "0128/141006", "correlationVector":"p9PsneDPvXGEYGJpOkmUFt.2","action":"Commit Response", "result":"Success", "context":Result: Success. cV=p9PsneDPvXGEYGJpOkmUFt.0;server=akswtt11100001b;cloudType=Multitenant;environment=Prod_francecentral_prod-s01-062-eur-francecentral;migrationStage=NotStarted}
{"logTime": "0128/141006", "correlationVector":"p9PsneDPvXGEYGJpOkmUFt.3","action":"Commit.Device Info", "result":"Conflict", "context":{"id":"", "isDeleted":"false", "size":"669", "version":"-1"}}
