2026-01-26 11:26:39.556: [INFO][Sync] Reset engine, reason: 8
2026-01-26 11:26:39.556: [INFO][Sync] Stopped: Bookmarks
2026-01-26 11:26:39.556: [INFO][Sync] Stopped: Preferences
2026-01-26 11:26:39.556: [INFO][Sync] Stopped: Passwords
2026-01-26 11:26:39.556: [INFO][Sync] Stopped: Autofill Profiles
2026-01-26 11:26:39.556: [INFO][Sync] Stopped: Autofill
2026-01-26 11:26:39.556: [INFO][Sync] Stopped: Extensions
2026-01-26 11:26:39.556: [INFO][Sync] Stopped: Sessions
2026-01-26 11:26:39.556: [INFO][Sync] Stopped: Extension settings
2026-01-26 11:26:39.556: [INFO][Sync] Stopped: History Delete Directives
2026-01-26 11:26:39.556: [INFO][Sync] Stopped: Device Info
2026-01-26 11:26:39.556: [INFO][Sync] Stopped: User Consents
2026-01-26 11:26:39.556: [INFO][Sync] Stopped: Send Tab To Self
2026-01-26 11:26:39.556: [INFO][Sync] Stopped: Web Apps
2026-01-26 11:26:39.556: [INFO][Sync] Stopped: History
2026-01-26 11:26:39.556: [INFO][Sync] Stopped: Saved Tab Group
2026-01-26 11:26:39.556: [INFO][Sync] Stopped: WebAuthn Credentials
2026-01-26 11:26:39.556: [INFO][Sync] Stopped: Collection
2026-01-26 11:26:39.556: [INFO][Sync] Stopped: Edge E Drop
2026-01-26 11:26:39.556: [INFO][Sync] Stopped: Edge Hub App Usage
2026-01-26 11:26:39.556: [INFO][Sync] Stopped: Edge Wallet
2026-01-26 11:26:39.556: [INFO][Sync] SyncState after authenticated was: NotSignedIn
2026-01-26 11:26:40.602: [INFO][Sync] Reset engine, reason: 8
2026-01-26 11:26:40.602: [INFO][Sync] Stopped: Bookmarks
2026-01-26 11:26:40.602: [INFO][Sync] Stopped: Preferences
2026-01-26 11:26:40.602: [INFO][Sync] Stopped: Passwords
2026-01-26 11:26:40.602: [INFO][Sync] Stopped: Autofill Profiles
2026-01-26 11:26:40.602: [INFO][Sync] Stopped: Autofill
2026-01-26 11:26:40.602: [INFO][Sync] Stopped: Extensions
2026-01-26 11:26:40.602: [INFO][Sync] Stopped: Sessions
2026-01-26 11:26:40.602: [INFO][Sync] Stopped: Extension settings
2026-01-26 11:26:40.602: [INFO][Sync] Stopped: History Delete Directives
2026-01-26 11:26:40.602: [INFO][Sync] Stopped: Device Info
2026-01-26 11:26:40.602: [INFO][Sync] Stopped: User Consents
2026-01-26 11:26:40.602: [INFO][Sync] Stopped: Send Tab To Self
2026-01-26 11:26:40.602: [INFO][Sync] Stopped: Web Apps
2026-01-26 11:26:40.602: [INFO][Sync] Stopped: History
2026-01-26 11:26:40.602: [INFO][Sync] Stopped: Saved Tab Group
2026-01-26 11:26:40.602: [INFO][Sync] Stopped: WebAuthn Credentials
2026-01-26 11:26:40.602: [INFO][Sync] Stopped: Collection
2026-01-26 11:26:40.602: [INFO][Sync] Stopped: Edge E Drop
2026-01-26 11:26:40.602: [INFO][Sync] Stopped: Edge Hub App Usage
2026-01-26 11:26:40.602: [INFO][Sync] Stopped: Edge Wallet
2026-01-26 11:26:43.360: [INFO][Sync] Try to start sync engine
2026-01-26 11:26:43.366: [INFO][SyncAuthManager::SetLastAuthError] Current auth error: None
2026-01-26 11:26:43.367: [INFO][SyncAuthManager::EdgeLogTokenErrorState] Token error with: None for account type: AAD
2026-01-26 11:26:43.367: [INFO][Sync] Credentials changed for: EdgeSyncKeyDataScope
2026-01-26 11:26:43.383: [INFO][SyncManagerImpl::NudgeForInitialDownload] Initial download nudge for Encryption Keys
2026-01-26 11:26:43.383: [INFO][SyncEngineBackend::LoadAndConnectNigoriController] Load and connect Nigori controller
2026-01-26 11:26:43.383: [INFO][SyncEngineBackend::DoInitialize] Control Types added: Encryption Keys
2026-01-26 11:26:43.383: [INFO][SyncManagerImpl::ConfigureSyncer] Types to download: Encryption Keys with reason: 3
2026-01-26 11:26:43.384: [INFO][SyncEngineBackend::DoUpdateKeyDataCredentials] Update key data credentials
2026-01-26 11:26:43.384: [INFO][SyncSchedulerImpl::DoConfigurationSyncCycleJob] Configure job was blocked
2026-01-26 11:26:43.405: [INFO][SyncAuthManager::SetLastAuthError] Current auth error: None
2026-01-26 11:26:43.405: [INFO][SyncAuthManager::EdgeLogTokenErrorState] Token error with: None for account type: AAD
2026-01-26 11:26:43.405: [INFO][Sync] Credentials changed for: EdgeSyncScopeNew
2026-01-26 11:26:43.405: [INFO][SyncEngineBackend::DoUpdateCredentials] Update credentials
2026-01-26 11:26:43.405: [INFO][SyncSchedulerImpl::DoConfigurationSyncCycleJob] Blocked types:  and types to download: Encryption Keys
2026-01-26 11:26:44.455: [INFO][SyncEngineBackend::DoUpdateKeyDataCredentials] Update key data credentials
2026-01-26 11:26:44.472: [INFO][Sync] Started DataTypeManager configuration, reason: 4
2026-01-26 11:26:44.473: [INFO][Sync] Configuring for: Bookmarks, Preferences, Passwords, Autofill Profiles, Autofill, Extensions, Sessions, Extension settings, History Delete Directives, Device Info, User Consents, Send Tab To Self, Web Apps, History, Saved Tab Group, WebAuthn Credentials, Collection, Edge E Drop, Edge Hub App Usage, Edge Wallet, Encryption Keys, reason: 3, current state: 0
2026-01-26 11:26:44.474: [INFO][SyncEngineBackend::DoStartConfiguration] Start configuration
2026-01-26 11:26:44.479: [INFO][Sync] Configure, desired: Bookmarks, Preferences, Passwords, Autofill Profiles, Autofill, Extensions, Sessions, Extension settings, History Delete Directives, Device Info, User Consents, Send Tab To Self, Web Apps, History, Saved Tab Group, WebAuthn Credentials, Collection, Edge E Drop, Edge Hub App Usage, Edge Wallet, Encryption Keys; Allow fail: 
2026-01-26 11:26:44.481: [INFO][Sync] Loading: Bookmarks
2026-01-26 11:26:44.481: [INFO][Sync] Loading: Preferences
2026-01-26 11:26:44.481: [INFO][Sync] Loading: Passwords
2026-01-26 11:26:44.482: [INFO][Sync] Loading: Autofill Profiles
2026-01-26 11:26:44.482: [INFO][Sync] Loading: Autofill
2026-01-26 11:26:44.482: [INFO][Sync] Loading: Extensions
2026-01-26 11:26:44.483: [INFO][Sync] Loading: Sessions
2026-01-26 11:26:44.483: [INFO][Sync] Loading: Extension settings
2026-01-26 11:26:44.484: [INFO][Sync] Loading: History Delete Directives
2026-01-26 11:26:44.484: [INFO][Sync] Loading: Device Info
2026-01-26 11:26:44.485: [INFO][Sync] Loading: User Consents
2026-01-26 11:26:44.485: [INFO][Sync] Loading: Send Tab To Self
2026-01-26 11:26:44.485: [INFO][Sync] Loading: Web Apps
2026-01-26 11:26:44.485: [INFO][Sync] Loading: History
2026-01-26 11:26:44.485: [INFO][Sync] Loading: Saved Tab Group
2026-01-26 11:26:44.485: [INFO][Sync] Loading: WebAuthn Credentials
2026-01-26 11:26:44.485: [INFO][Sync] Loading: Collection
2026-01-26 11:26:44.485: [INFO][Sync] Loading: Edge E Drop
2026-01-26 11:26:44.485: [INFO][Sync] Loading: Edge Hub App Usage
2026-01-26 11:26:44.485: [INFO][Sync] Loading: Edge Wallet
2026-01-26 11:26:44.513: [INFO][Sync] All data types are ready for configure.
2026-01-26 11:26:44.521: [INFO][SyncManagerImpl::NudgeForInitialDownload] Initial download nudge for Bookmarks
2026-01-26 11:26:44.521: [INFO][SyncManagerImpl::NudgeForInitialDownload] Initial download nudge for Preferences
2026-01-26 11:26:44.521: [INFO][SyncManagerImpl::NudgeForInitialDownload] Initial download nudge for Passwords
2026-01-26 11:26:44.521: [INFO][SyncManagerImpl::NudgeForInitialDownload] Initial download nudge for Autofill Profiles
2026-01-26 11:26:44.521: [INFO][SyncManagerImpl::NudgeForInitialDownload] Initial download nudge for Autofill
2026-01-26 11:26:44.521: [INFO][SyncManagerImpl::NudgeForInitialDownload] Initial download nudge for Extensions
2026-01-26 11:26:44.521: [INFO][SyncManagerImpl::NudgeForInitialDownload] Initial download nudge for Sessions
2026-01-26 11:26:44.521: [INFO][SyncManagerImpl::NudgeForInitialDownload] Initial download nudge for Extension settings
2026-01-26 11:26:44.521: [INFO][SyncManagerImpl::NudgeForInitialDownload] Initial download nudge for History Delete Directives
2026-01-26 11:26:44.521: [INFO][SyncManagerImpl::NudgeForInitialDownload] Initial download nudge for Device Info
2026-01-26 11:26:44.521: [INFO][SyncManagerImpl::NudgeForInitialDownload] Initial download nudge for Send Tab To Self
2026-01-26 11:26:44.521: [INFO][SyncManagerImpl::NudgeForInitialDownload] Initial download nudge for Web Apps
2026-01-26 11:26:44.521: [INFO][SyncManagerImpl::NudgeForInitialDownload] Initial download nudge for History
2026-01-26 11:26:44.521: [INFO][SyncManagerImpl::NudgeForInitialDownload] Initial download nudge for Saved Tab Group
2026-01-26 11:26:44.521: [INFO][SyncManagerImpl::NudgeForInitialDownload] Initial download nudge for WebAuthn Credentials
2026-01-26 11:26:44.521: [INFO][SyncManagerImpl::NudgeForInitialDownload] Initial download nudge for Collection
2026-01-26 11:26:44.521: [INFO][SyncManagerImpl::NudgeForInitialDownload] Initial download nudge for Edge E Drop
2026-01-26 11:26:44.525: [INFO][SyncManagerImpl::NudgeForInitialDownload] Initial download nudge for Edge Hub App Usage
2026-01-26 11:26:44.525: [INFO][SyncManagerImpl::NudgeForInitialDownload] Initial download nudge for Edge Wallet
2026-01-26 11:26:44.525: [INFO][SyncManagerImpl::ConfigureSyncer] Types to download:  with reason: 3
2026-01-26 11:26:44.525: [INFO][SyncEngineBackend::DoFinishConfigureDataTypes] Failed to download types:  and succeeded types: 
2026-01-26 11:26:44.532: [INFO][Sync] ConfigurationDone, failed: , succeeded: , remaining count: 4
2026-01-26 11:26:44.532: [INFO][Sync] Prepare to configure types: Preferences, Passwords, Device Info, Send Tab To Self, Edge E Drop, Encryption Keys
2026-01-26 11:26:44.532: [INFO][SyncManagerImpl::ConfigureSyncer] Types to download: Preferences, Passwords, Device Info, Send Tab To Self, Edge E Drop, Encryption Keys with reason: 3
2026-01-26 11:26:44.532: [INFO][SyncSchedulerImpl::DoConfigurationSyncCycleJob] Blocked types:  and types to download: Preferences, Passwords, Device Info, Send Tab To Self, Edge E Drop, Encryption Keys
2026-01-26 11:26:44.673: [INFO][SyncEngineBackend::DoFinishConfigureDataTypes] Failed to download types:  and succeeded types: Preferences, Passwords, Device Info, Send Tab To Self, Edge E Drop, Encryption Keys
2026-01-26 11:26:44.694: [INFO][Sync] ConfigurationDone, failed: , succeeded: Preferences, Passwords, Device Info, Send Tab To Self, Edge E Drop, Encryption Keys, remaining count: 3
2026-01-26 11:26:44.694: [INFO][Sync] Prepare to configure types: Bookmarks, Encryption Keys
2026-01-26 11:26:44.695: [INFO][SyncManagerImpl::ConfigureSyncer] Types to download: Bookmarks, Encryption Keys with reason: 3
2026-01-26 11:26:44.695: [INFO][SyncSchedulerImpl::DoConfigurationSyncCycleJob] Blocked types:  and types to download: Bookmarks, Encryption Keys
2026-01-26 11:26:44.777: [INFO][SyncEngineBackend::DoFinishConfigureDataTypes] Failed to download types:  and succeeded types: Bookmarks, Encryption Keys
2026-01-26 11:26:44.783: [INFO][Sync] ConfigurationDone, failed: , succeeded: Bookmarks, Encryption Keys, remaining count: 2
2026-01-26 11:26:44.783: [INFO][Sync] Prepare to configure types: Autofill Profiles, Autofill, Extensions, Sessions, Extension settings, History Delete Directives, Web Apps, Saved Tab Group, WebAuthn Credentials, Collection, Edge Hub App Usage, Edge Wallet, Encryption Keys
2026-01-26 11:26:44.783: [INFO][SyncManagerImpl::ConfigureSyncer] Types to download: Autofill Profiles, Autofill, Extensions, Sessions, Extension settings, History Delete Directives, Web Apps, Saved Tab Group, WebAuthn Credentials, Collection, Edge Hub App Usage, Edge Wallet, Encryption Keys with reason: 3
2026-01-26 11:26:44.783: [INFO][SyncSchedulerImpl::DoConfigurationSyncCycleJob] Blocked types:  and types to download: Autofill Profiles, Autofill, Extensions, Sessions, Extension settings, History Delete Directives, Web Apps, Saved Tab Group, WebAuthn Credentials, Collection, Edge Hub App Usage, Edge Wallet, Encryption Keys
2026-01-26 11:26:44.886: [INFO][SyncEngineBackend::DoFinishConfigureDataTypes] Failed to download types:  and succeeded types: Autofill Profiles, Autofill, Extensions, Sessions, Extension settings, History Delete Directives, Web Apps, Saved Tab Group, WebAuthn Credentials, Collection, Edge Hub App Usage, Edge Wallet, Encryption Keys
2026-01-26 11:26:44.896: [INFO][Sync] ConfigurationDone, failed: , succeeded: Autofill Profiles, Autofill, Extensions, Sessions, Extension settings, History Delete Directives, Web Apps, Saved Tab Group, WebAuthn Credentials, Collection, Edge Hub App Usage, Edge Wallet, Encryption Keys, remaining count: 1
2026-01-26 11:26:44.899: [INFO][Sync] Prepare to configure types: History, Encryption Keys
2026-01-26 11:26:44.900: [INFO][SyncManagerImpl::ConfigureSyncer] Types to download: History, Encryption Keys with reason: 3
2026-01-26 11:26:44.901: [INFO][SyncSchedulerImpl::DoConfigurationSyncCycleJob] Blocked types:  and types to download: History, Encryption Keys
2026-01-26 11:26:45.054: [INFO][SyncEngineBackend::DoFinishConfigureDataTypes] Failed to download types:  and succeeded types: History, Encryption Keys
2026-01-26 11:26:45.056: [INFO][Sync] ConfigurationDone, failed: , succeeded: History, Encryption Keys, remaining count: 0
2026-01-26 11:26:45.058: [INFO][Sync]     Configuration completed, state: 3
2026-01-26 11:26:45.059: [INFO][Sync] Configured DataTypeManager: Ok
2026-01-26 11:26:45.068: [INFO][SyncEngineBackend::DoStartSyncing] Start syncing
